selenium-hub                          | 06:58:33.559 INFO [GridModel.setAvailability] - Switching Node 5185058e-76bb-4375-bd4b-a910d86bff7b (uri: http://172.27.0.6:5555) from DOWN to UP
selenium-hub                          | 06:58:33.559 INFO [LocalDistributor.add] - Added node 5185058e-76bb-4375-bd4b-a910d86bff7b at http://172.27.0.6:5555. Health check every 120s
selenium-hub                          | 06:58:33.585 INFO [LocalDistributor.newSession] - Session request received by the Distributor: 
selenium-hub                          |  [Capabilities {browserName: chrome}, Capabilities {browserName: chrome, platform: ANY, version: }]
selenium-hub                          | 06:58:33.597 INFO [LocalDistributor.newSession] - Session request received by the Distributor: 
selenium-hub                          |  [Capabilities {browserName: chrome}, Capabilities {browserName: chrome, platform: ANY, version: }]
api_automation-chrome-2               | 06:58:33.570 INFO [UnboundZmqEventBus.<init>] - Event bus ready
api_automation-chrome-3               | 06:58:33.622 INFO [NodeServer.lambda$createHandlers$2] - Node has been added
selenium-hub                          | 06:58:33.650 INFO [LocalDistributor.newSession] - Unable to find a free slot for request 8b09a7e4-1320-4993-8295-d54d2756611d. 
selenium-hub                          |  Capabilities {browserName: chrome} 
selenium-hub                          | 06:58:33.652 INFO [LocalDistributor.newSession] - Unable to find a free slot for request 8b09a7e4-1320-4993-8295-d54d2756611d. 
selenium-hub                          |  Capabilities {browserName: chrome, platform: ANY, version: } 
selenium-hub                          | 06:58:33.671 WARN [SeleniumSpanExporter$1.lambda$export$3] - {"traceId": "ae674eaedfd90bc13bfccc39bfd60cd6","eventTime": 1682492313596958100,"eventName": "Session request received by the Distributor","attributes": {"logger": "org.openqa.selenium.grid.distributor.local.LocalDistributor","request.payload": "[Capabilities {browserName: chrome}, Capabilities {browserName: chrome, platform: ANY, version: }]"}}
selenium-hub                          | 
selenium-hub                          | 06:58:33.684 WARN [SeleniumSpanExporter$1.lambda$export$1] - Will retry session 8b09a7e4-1320-4993-8295-d54d2756611d
selenium-hub                          | 06:58:33.688 WARN [SeleniumSpanExporter$1.lambda$export$3] - {"traceId": "ae674eaedfd90bc13bfccc39bfd60cd6","eventTime": 1682492313670595900,"eventName": "exception","attributes": {"exception.message": "Will retry session 8b09a7e4-1320-4993-8295-d54d2756611d","logger": "org.openqa.selenium.grid.distributor.local.LocalDistributor","request.payload": "[Capabilities {browserName: chrome}, Capabilities {browserName: chrome, platform: ANY, version: }]"}}
selenium-hub                          | 
api_automation-chrome-3               | Starting ChromeDriver 111.0.5563.64 (c710e93d5b63b7095afe8c2c17df34408078439d-refs/branch-heads/5563@{#995}) on port 13608
api_automation-chrome-3               | Only local connections are allowed.
api_automation-chrome-3               | Please see https://chromedriver.chromium.org/security-considerations for suggestions on keeping ChromeDriver safe.
api_automation-chrome-3               | ChromeDriver was started successfully.
api_automation-chrome-3               | [1682492313.994][SEVERE]: bind() failed: Cannot assign requested address (99)
api_automation-chrome-4               | 06:58:34.138 INFO [LoggingOptions.configureLogEncoding] - Using the system default encoding
api_automation-chrome-4               | 06:58:34.156 INFO [OpenTelemetryTracer.createTracer] - Using OpenTelemetry for tracing
api_automation-chrome-2               | 06:58:34.394 INFO [NodeServer.createHandlers] - Reporting self as: http://172.27.0.7:5555
api_automation-chrome-2               | 06:58:34.569 INFO [NodeOptions.getSessionFactories] - Detected 4 available processors
api_automation-chrome-2               | 06:58:34.971 INFO [NodeOptions.report] - Adding chrome for {"browserVersion": "111.0","se:noVncPort": 7900,"browserName": "chrome","platformName": "LINUX","se:vncEnabled": true} 1 times (Host)
api_automation-chrome-4               | 06:58:35.046 INFO [UnboundZmqEventBus.<init>] - Connecting to tcp://selenium-hub:4442 and tcp://selenium-hub:4443
api_automation-chrome-2               | 06:58:35.086 INFO [Node.<init>] - Binding additional locator mechanisms: relative
api_automation-chrome-4               | 06:58:35.388 INFO [UnboundZmqEventBus.<init>] - Sockets created
api_automation-chrome-2               | 06:58:35.744 INFO [NodeServer$1.start] - Starting registration process for Node http://172.27.0.7:5555
api_automation-chrome-2               | 06:58:35.750 INFO [NodeServer.execute] - Started Selenium node 4.8.3 (revision b19b418e60): http://172.27.0.7:5555
api_automation-chrome-2               | 06:58:35.820 INFO [NodeServer$1.lambda$start$1] - Sending registration event...
selenium-hub                          | 06:58:35.848 INFO [Node.<init>] - Binding additional locator mechanisms: relative
selenium-hub                          | 06:58:36.258 INFO [GridModel.setAvailability] - Switching Node cd44dadf-2bdd-4f9d-b396-c9be1fe8bce8 (uri: http://172.27.0.7:5555) from DOWN to UP
selenium-hub                          | 06:58:36.259 INFO [LocalDistributor.add] - Added node cd44dadf-2bdd-4f9d-b396-c9be1fe8bce8 at http://172.27.0.7:5555. Health check every 120s
selenium-hub                          | 06:58:36.277 INFO [LocalDistributor.newSession] - Session request received by the Distributor: 
selenium-hub                          |  [Capabilities {browserName: chrome}, Capabilities {browserName: chrome, platform: ANY, version: }]
api_automation-chrome-2               | 06:58:36.288 INFO [NodeServer.lambda$createHandlers$2] - Node has been added
api_automation-chrome-4               | 06:58:36.424 INFO [UnboundZmqEventBus.<init>] - Event bus ready
api_automation-chrome-2               | Starting ChromeDriver 111.0.5563.64 (c710e93d5b[6136b872049952a3f1e68.c524c11]7[dSfE3V4E4R0E8]0:7 8b4i3n9dd(-)r effasi/lberda:n ch-Cheaandnso/t5 5a6s3s@i{g#n9 9r5e}q)u eosnt epdo ratd d8r6e1s3s
api_automation-chrome-2               | On l(y9 9l)o
api_automation-chrome-2               | cal connections are allowed.
api_automation-chrome-2               | Please see https://chromedriver.chromium.org/security-considerations for suggestions on keeping ChromeDriver safe.
api_automation-chrome-2               | ChromeDriver was started successfully.
api_automation-chrome-4               | 06:58:36.878 INFO [NodeServer.createHandlers] - Reporting self as: http://172.27.0.8:5555
api_automation-chrome-4               | 06:58:36.984 INFO [NodeOptions.getSessionFactories] - Detected 4 available processors
api_automation-chrome-4               | 06:58:37.404 INFO [NodeOptions.report] - Adding chrome for {"browserVersion": "111.0","se:noVncPort": 7900,"browserName": "chrome","platformName": "LINUX","se:vncEnabled": true} 1 times (Host)
api_automation-chrome-4               | 06:58:37.629 INFO [Node.<init>] - Binding additional locator mechanisms: relative
api_automation-chrome-3               | 06:58:37.662 INFO [LocalNode.newSession] - Session created by the Node. Id: 25628d21899c67100f55ba5451614889, Caps: Capabilities {acceptInsecureCerts: false, browserName: chrome, browserVersion: 111.0.5563.146, chrome: {chromedriverVersion: 111.0.5563.64 (c710e93d5b63..., userDataDir: /tmp/.com.google.Chrome.0op4SD}, goog:chromeOptions: {debuggerAddress: localhost:34575}, networkConnectionEnabled: false, pageLoadStrategy: normal, platformName: LINUX, proxy: Proxy(), se:cdp: http://localhost:34575, se:cdpVersion: 111.0.5563.146, se:vncEnabled: true, se:vncLocalAddress: ws://172.27.0.6:7900, setWindowRect: true, strictFileInteractability: false, timeouts: {implicit: 0, pageLoad: 300000, script: 30000}, unhandledPromptBehavior: dismiss and notify, webauthn:extension:credBlob: true, webauthn:extension:largeBlob: true, webauthn:extension:minPinLength: true, webauthn:extension:prf: true, webauthn:virtualAuthenticators: true}
selenium-hub                          | 06:58:37.768 INFO [LocalDistributor.newSession] - Session created by the Distributor. Id: 25628d21899c67100f55ba5451614889 
selenium-hub                          |  Caps: Capabilities {acceptInsecureCerts: false, browserName: chrome, browserVersion: 111.0.5563.146, chrome: {chromedriverVersion: 111.0.5563.64 (c710e93d5b63..., userDataDir: /tmp/.com.google.Chrome.0op4SD}, goog:chromeOptions: {debuggerAddress: localhost:34575}, networkConnectionEnabled: false, pageLoadStrategy: normal, platformName: LINUX, proxy: {}, se:bidiEnabled: false, se:cdp: ws://172.27.0.6:4444/sessio..., se:cdpVersion: 111.0.5563.146, se:vnc: ws://172.27.0.6:4444/sessio..., se:vncEnabled: true, se:vncLocalAddress: ws://172.27.0.6:7900, setWindowRect: true, strictFileInteractability: false, timeouts: {implicit: 0, pageLoad: 300000, script: 30000}, unhandledPromptBehavior: dismiss and notify, webauthn:extension:credBlob: true, webauthn:extension:largeBlob: true, webauthn:extension:minPinLength: true, webauthn:extension:prf: true, webauthn:virtualAuthenticators: true}
api_automation-chrome-4               | 06:58:38.423 INFO [NodeServer$1.start] - Starting registration process for Node http://172.27.0.8:5555
api_automation-chrome-4               | 06:58:38.425 INFO [NodeServer.execute] - Started Selenium node 4.8.3 (revision b19b418e60): http://172.27.0.8:5555
api_automation-chrome-4               | 06:58:38.452 INFO [NodeServer$1.lambda$start$1] - Sending registration event...
selenium-hub                          | 06:58:38.526 INFO [Node.<init>] - Binding additional locator mechanisms: relative
selenium-hub                          | 06:58:39.172 INFO [GridModel.setAvailability] - Switching Node c9f25f0c-d0f0-4005-a168-ee38aa58fbb5 (uri: http://172.27.0.8:5555) from DOWN to UP
selenium-hub                          | 06:58:39.173 INFO [LocalDistributor.add] - Added node c9f25f0c-d0f0-4005-a168-ee38aa58fbb5 at http://172.27.0.8:5555. Health check every 120s
api_automation-chrome-4               | 06:58:39.199 INFO [NodeServer.lambda$createHandlers$2] - Node has been added
api_automation-chrome-2               | 06:58:39.601 INFO [LocalNode.newSession] - Session created by the Node. Id: 2a9edc78fe6df488b4ba0c1ef950575c, Caps: Capabilities {acceptInsecureCerts: false, browserName: chrome, browserVersion: 111.0.5563.146, chrome: {chromedriverVersion: 111.0.5563.64 (c710e93d5b63..., userDataDir: /tmp/.com.google.Chrome.ytnXcG}, goog:chromeOptions: {debuggerAddress: localhost:42293}, networkConnectionEnabled: false, pageLoadStrategy: normal, platformName: LINUX, proxy: Proxy(), se:cdp: http://localhost:42293, se:cdpVersion: 111.0.5563.146, se:vncEnabled: true, se:vncLocalAddress: ws://172.27.0.7:7900, setWindowRect: true, strictFileInteractability: false, timeouts: {implicit: 0, pageLoad: 300000, script: 30000}, unhandledPromptBehavior: dismiss and notify, webauthn:extension:credBlob: true, webauthn:extension:largeBlob: true, webauthn:extension:minPinLength: true, webauthn:extension:prf: true, webauthn:virtualAuthenticators: true}
selenium-hub                          | 06:58:39.629 INFO [LocalDistributor.newSession] - Session created by the Distributor. Id: 2a9edc78fe6df488b4ba0c1ef950575c 
selenium-hub                          |  Caps: Capabilities {acceptInsecureCerts: false, browserName: chrome, browserVersion: 111.0.5563.146, chrome: {chromedriverVersion: 111.0.5563.64 (c710e93d5b63..., userDataDir: /tmp/.com.google.Chrome.ytnXcG}, goog:chromeOptions: {debuggerAddress: localhost:42293}, networkConnectionEnabled: false, pageLoadStrategy: normal, platformName: LINUX, proxy: {}, se:bidiEnabled: false, se:cdp: ws://172.27.0.7:4444/sessio..., se:cdpVersion: 111.0.5563.146, se:vnc: ws://172.27.0.7:4444/sessio..., se:vncEnabled: true, se:vncLocalAddress: ws://172.27.0.7:7900, setWindowRect: true, strictFileInteractability: false, timeouts: {implicit: 0, pageLoad: 300000, script: 30000}, unhandledPromptBehavior: dismiss and notify, webauthn:extension:credBlob: true, webauthn:extension:largeBlob: true, webauthn:extension:minPinLength: true, webauthn:extension:prf: true, webauthn:virtualAuthenticators: true}
selenium-hub                          | 06:58:41.022 INFO [GridModel.release] - Releasing slot for session id fbc142564f54f90402778a6f61d7e642
api_automation-chrome-1               | 06:58:41.010 INFO [SessionSlot.stop] - Stopping session fbc142564f54f90402778a6f61d7e642
selenium-hub                          | 06:58:41.029 INFO [LocalSessionMap.lambda$new$0] - Deleted session from local Session Map, Id: fbc142564f54f90402778a6f61d7e642
api_automation-chrome-2               | 06:58:53.334 INFO [SessionSlot.stop] - Stopping session 2a9edc78fe6df488b4ba0c1ef950575c
selenium-hub                          | 06:58:53.340 INFO [GridModel.release] - Releasing slot for session id 2a9edc78fe6df488b4ba0c1ef950575c
selenium-hub                          | 06:58:53.340 INFO [LocalSessionMap.lambda$new$0] - Deleted session from local Session Map, Id: 2a9edc78fe6df488b4ba0c1ef950575c
api_automation-chrome-1               | Trapped SIGTERM/SIGINT/x so shutting down supervisord...
api_automation-chrome-3               | Trapped SIGTERM/SIGINT/x so shutting down supervisord...
api_automation-chrome-2               | Trapped SIGTERM/SIGINT/x so shutting down supervisord...
api_automation-chrome-1               | 2023-04-26 06:58:55,149 WARN received SIGTERM indicating exit request
api_automation-chrome-1               | 2023-04-26 06:58:55,150 INFO waiting for xvfb, vnc, novnc, selenium-node to die
api_automation-chrome-2               | 2023-04-26 06:58:55,338 WARN received SIGTERM indicating exit request
api_automation-chrome-2               | 2023-04-26 06:58:55,339 INFO waiting for xvfb, vnc, novnc, selenium-node to die
api_automation-chrome-4               | Trapped SIGTERM/SIGINT/x so shutting down supervisord...
api_automation-edge-1                 | Trapped SIGTERM/SIGINT/x so shutting down supervisord...
api_automation-chrome-1               | 2023-04-26 06:58:55,490 INFO stopped: selenium-node (terminated by SIGTERM)
api_automation-firefox-1              | Trapped SIGTERM/SIGINT/x so shutting down supervisord...
api_automation-firefox-1              | 2023-04-26 06:58:55,583 WARN received SIGTERM indicating exit request
api_automation-firefox-1              | 2023-04-26 06:58:55,583 INFO waiting for xvfb, vnc, novnc, selenium-node to die
api_automation-chrome-2               | 2023-04-26 06:58:55,680 INFO stopped: selenium-node (terminated by SIGTERM)
api_automation-chrome-3               | 2023-04-26 06:58:55,693 WARN received SIGTERM indicating exit request
api_automation-chrome-3               | 2023-04-26 06:58:55,694 INFO waiting for xvfb, vnc, novnc, selenium-node to die
selenium-hub                          | 06:58:55.767 INFO [GridModel.release] - Releasing slot for session id 25628d21899c67100f55ba5451614889
selenium-hub                          | 06:58:55.770 INFO [LocalSessionMap.lambda$new$0] - Deleted session from local Session Map, Id: 25628d21899c67100f55ba5451614889
api_automation-edge-1                 | 2023-04-26 06:58:55,916 WARN received SIGTERM indicating exit request
api_automation-edge-1                 | 2023-04-26 06:58:55,917 INFO waiting for xvfb, vnc, novnc, selenium-node to die
api_automation-firefox-1              | 2023-04-26 06:58:55,933 INFO stopped: selenium-node (terminated by SIGTERM)
api_automation-chrome-3               | 2023-04-26 06:58:56,104 INFO stopped: selenium-node (terminated by SIGTERM)
api_automation-chrome-4               | 2023-04-26 06:58:56,259 WARN received SIGTERM indicating exit request
api_automation-chrome-4               | 2023-04-26 06:58:56,260 INFO waiting for xvfb, vnc, novnc, selenium-node to die
api_automation-edge-1                 | 2023-04-26 06:58:56,281 INFO stopped: selenium-node (terminated by SIGTERM)
api_automation-chrome-1               | 2023-04-26 06:58:56,492 INFO stopped: novnc (terminated by SIGTERM)
api_automation-chrome-4               | 2023-04-26 06:58:56,623 INFO stopped: selenium-node (terminated by SIGTERM)
api_automation-chrome-2               | 2023-04-26 06:58:56,682 INFO stopped: novnc (terminated by SIGTERM)
api_automation-firefox-1              | 2023-04-26 06:58:56,936 INFO stopped: novnc (terminated by SIGTERM)
api_automation-chrome-3               | 2023-04-26 06:58:57,107 INFO stopped: novnc (terminated by SIGTERM)
api_automation-chrome-3               | 2023-04-26 06:58:57,108 INFO stopped: vnc (terminated by SIGTERM)
api_automation-edge-1                 | 2023-04-26 06:58:57,291 INFO stopped: novnc (terminated by SIGTERM)
api_automation-chrome-1               | 2023-04-26 06:58:57,496 INFO stopped: vnc (terminated by SIGTERM)
api_automation-chrome-4               | 2023-04-26 06:58:57,626 INFO stopped: novnc (terminated by SIGTERM)
api_automation-chrome-2               | 2023-04-26 06:58:57,685 INFO stopped: vnc (terminated by SIGTERM)
api_automation-firefox-1              | 2023-04-26 06:58:57,938 INFO stopped: vnc (terminated by SIGTERM)
api_automation-chrome-3               | 2023-04-26 06:58:58,110 INFO stopped: xvfb (terminated by SIGTERM)
api_automation-chrome-3               | Shutdown complete
api_automation-edge-1                 | 2023-04-26 06:58:58,294 INFO stopped: vnc (terminated by SIGTERM)
api_automation-edge-1                 | 2023-04-26 06:58:58,294 INFO stopped: xvfb (terminated by SIGTERM)
api_automation-edge-1                 | Shutdown complete
api_automation-chrome-1               | 2023-04-26 06:58:58,498 INFO stopped: xvfb (terminated by SIGTERM)
api_automation-chrome-1               | Shutdown complete
api_automation-chrome-4               | 2023-04-26 06:58:58,630 INFO stopped: vnc (terminated by SIGTERM)
api_automation-chrome-4               | 2023-04-26 06:58:58,630 INFO stopped: xvfb (terminated by SIGTERM)
api_automation-chrome-4               | Shutdown complete
api_automation-chrome-2               | 2023-04-26 06:58:58,688 INFO stopped: xvfb (terminated by SIGTERM)
api_automation-chrome-2               | Shutdown complete
api_automation-firefox-1              | 2023-04-26 06:58:58,940 INFO stopped: xvfb (terminated by SIGTERM)
api_automation-firefox-1              | Shutdown complete
api_automation-chrome-3 exited with code 143
api_automation-edge-1 exited with code 143
api_automation-chrome-1 exited with code 143
api_automation-chrome-4 exited with code 143
api_automation-chrome-2 exited with code 143
api_automation-firefox-1 exited with code 143
